src/components/ui/resizable.tsx(11,51): error TS2339: Property 'PanelGroup' does not exist on type 'typeof import("C:/Users/pavit/OneDrive/Desktop/BIMCoach - Kopie/node_modules/react-resizable-panels/dist/react-resizable-panels")'.
src/components/ui/resizable.tsx(12,23): error TS2339: Property 'PanelGroup' does not exist on type 'typeof import("C:/Users/pavit/OneDrive/Desktop/BIMCoach - Kopie/node_modules/react-resizable-panels/dist/react-resizable-panels")'.
src/components/ui/resizable.tsx(27,51): error TS2339: Property 'PanelResizeHandle' does not exist on type 'typeof import("C:/Users/pavit/OneDrive/Desktop/BIMCoach - Kopie/node_modules/react-resizable-panels/dist/react-resizable-panels")'.
src/components/ui/resizable.tsx(30,23): error TS2339: Property 'PanelResizeHandle' does not exist on type 'typeof import("C:/Users/pavit/OneDrive/Desktop/BIMCoach - Kopie/node_modules/react-resizable-panels/dist/react-resizable-panels")'.
src/components/ui/resizable.tsx(42,24): error TS2339: Property 'PanelResizeHandle' does not exist on type 'typeof import("C:/Users/pavit/OneDrive/Desktop/BIMCoach - Kopie/node_modules/react-resizable-panels/dist/react-resizable-panels")'.
